You've hit your session limit ┬╖ resets 11:40pm (America/Denver)
remote: 
remote: Create a pull request for 'night-run-1' on GitHub by visiting:        
remote:      https://github.com/ZephyrPretendstoKnowTech/iamai/pull/new/night-run-1        
remote: 
To https://github.com/ZephyrPretendstoKnowTech/iamai.git
 * [new branch]      HEAD -> night-run-1
branch 'night-run-1' set up to track 'origin/night-run-1'.

> iamai@0.0.1 test
> node --test src/**/*.test.ts

Γ£ö dedupes across generations and casings, preferring Updated/Policies (39.5308ms)
Γ£ö older generation only fills gaps in the newest generation (1.3329ms)
Γ£ö named placeholder tokens become tenant-specific references (0.7966ms)
Γ£ö warns about policies that target nothing (2.3174ms)
Γ£ö reports bad and irrelevant files instead of throwing (1.9498ms)
Γ£ö normalizes SDK PascalCase into Graph camelCase and prunes null noise (1.3035ms)
Γ£ö classifies references by portability (0.6632ms)
Γ£ö infers group roles from usage signatures (0.7599ms)
Γ£ö detects same-intent variants and leaves distinct policies alone (0.9261ms)
Γ£ö extracts author intent from README and matches it to a policy (1.1078ms)
Γ£ö precedence mirrors Updated + fallback (0.1326ms)
Γ£ö no date helper ever renders an ISO 8601 string (2.412ms)
Γ£ö plan dates read relative and absolute together (0.3085ms)
Γ£ö the Setup time zone drives every rendered date (0.5308ms)
Γ£ö user-facing copy has no dashes-as-punctuation, first person, AI-isms, or raw ISO dates (32.8956ms)
Γ£ö summary at 100% challenged never says "only" (1.3992ms)
Γ£ö summary at 0% challenged and 0% ready (0.2924ms)
Γ£ö summary with n=1 everywhere reads grammatically (0.2245ms)
Γ£ö summary with no active users does not divide by zero in prose (0.1476ms)
Γ£ö share branches: none, one, all (0.2103ms)
Γ£ö statement shapes (0.3174ms)
Γ£ö no finding statement runs past two sentences (prompt 17 ┬º5) (0.3316ms)
Γ£ö schedule rationale branches on campaigns, observation, and Setup waits (0.2024ms)
Γ£ö roadmap overview branches (0.2452ms)
Γ£ö 1: two policies (members-minus-admins + admins) jointly enforce mfa-all-users, statement names both (11.412ms)
Γ£ö 2: admins policy report-only ΓåÆ partial with report-only users = the admins (6.7789ms)
Γ£ö 3: unmapped exclusion group of members ΓåÆ partial excluded with the ids (1.7569ms)
Γ£ö 4: exclusion group mapped as break-glass ΓåÆ enforced with expected note (0.5525ms)
Γ£ö 5: OR grant [mfa, compliantDevice] vs floor mfa ΓåÆ weaker-control (0.5093ms)
Γ£ö 6: AND grant [mfa, compliantDevice] vs floor compliantDevice ΓåÆ satisfies (0.5513ms)
Γ£ö 7: baseline phishing-resistant policy raises the floor; plain-MFA tenant policy ΓåÆ weaker-control for everyone (0.7618ms)
Γ£ö 8: apps narrower (Office365 vs all) ΓåÆ partial apps-narrower (0.9554ms)
Γ£ö 9: only a disabled candidate ΓåÆ absent with disabled-candidate note (0.4847ms)
Γ£ö audit-1: an all-client-apps block (geo/device-code) does not count as the legacy-auth block (0.7901ms)
Γ£ö audit-2: an enabled strong policy with nobody in scope is in place, not missing (0.4019ms)
Γ£ö audit-3: sign-in frequency "every time" satisfies any session floor (0.5675ms)
Γ£ö 10: group over the member cap ΓåÆ estimated percentages (0.4302ms)
Γ£ö 10b: unresolvable group ΓåÆ unknown (0.3824ms)
Γ£ö 11: facet off ΓåÆ not-applicable; facet on ΓåÆ evaluated (0.9259ms)
Γ£ö 12: P2 goal on a P1 tenant ΓåÆ licence-limited, excluded from score (0.3552ms)
Γ£ö 13: unclassifiable baseline policy ΓåÆ ad-hoc goal created and evaluated structurally (1.0374ms)
Γ£ö 14: guests excluded from the all-users policy plus a separate guests policy ΓåÆ enforced by union (0.7207ms)
Γ£ö window cutoff: stops when a page reaches past the window start; covered = full window (2.0901ms)
Γ£ö history exhausted inside the window is ok with a retention note (0.3429ms)
Γ£ö time budget: stop is labelled and coverage decides partial (0.3175ms)
Γ£ö insufficient: budget stop with under 24 h covered (0.2809ms)
Γ£ö memory ceiling: stop is labelled; nothing overwrites a null cache save rule (0.3236ms)
Γ£ö resume newest-gap-first: stops at the cached boundary and merges (1.21ms)
Γ£ö derived: per-user aggregate keeps the latest MFA success (0.1757ms)
Γ£ö derived: per-policy applied results count classes and users (6.0448ms)
Γ£ö derived: blocked today uses only the most recent sign-in per user (3.7399ms)
Γ£ö free tenant: no matching plans, nothing enabled (0.9674ms)
Γ£ö P1-only tenant (0.2111ms)
Γ£ö P2 SKU carries both P1 and P2 plans (0.1604ms)
Γ£ö mixed tenant: fewer P2 seats than P1 seats (0.2723ms)
Γ£ö trial (capabilityStatus Warning) still counts; Suspended does not (0.1984ms)
Γ£ö disabled service plan inside an enabled SKU does not count (0.1444ms)
Γ£ö per-user capabilities from assignedPlans, Enabled only (0.4111ms)
Γ£ö service accounts: name pattern plus evidence is a candidate; a normal person is not (1.9611ms)
Γ£ö service accounts: excluded ids and guests never surface; the question hides when nothing is found (1.0973ms)
Γ£ö countries: sign-in countries first by distinct users, then usage locations; flags when no sign-in location exists (22.9802ms)
Γ£ö countries: the allowlist geo ref resolves to a matching tenant location, else is created in phase 0 (0.5871ms)
Γ£ö break-glass: a compliant account passes (2.4509ms)
Γ£ö break-glass: eligible-only Global Administrator fails with the PIM reason (0.4247ms)
Γ£ö break-glass: missing exclusion from one policy names the policy (0.3084ms)
Γ£ö break-glass: exclusion via group membership counts (0.3177ms)
Γ£ö break-glass: SMS-only is a hard fail (0.3179ms)
Γ£ö break-glass: shared Authenticator displayName flags the other user (0.3435ms)
Γ£ö break-glass: dynamic-group sweep is a hard fail (0.3325ms)
Γ£ö break-glass: fewer than two accounts fails (0.3496ms)
Γ£ö exclusion group: dynamic rule is a hard fail; admins among members noted (0.3264ms)
Γ£ö exclusion group: inconsistent use across policies is reported (0.2304ms)
Γ£ö trusted location: 0.0.0.0/0 and wider-than-/16 are hard fails; isTrusted required (0.3172ms)
Γ£ö strength: identical combinations pass; extra combinations fail (0.5721ms)
Γ£ö strength: baseline without combinations offers the built-in comparison (0.3088ms)
Γ£ö passkey pilot: untargeted FIDO2 and missing TAP fail; ACCE absence is a note (0.6258ms)
Γ£ö 1: enforced goal ΓåÆ step created as done (8.9188ms)
Γ£ö 2: absent goal with mapped references ΓåÆ create step JSON has mapped ids, tag, report-only (2.59ms)
Γ£ö 3: unresolved reference ΓåÆ step blocked by the phase-0 prerequisite (1.8242ms)
Γ£ö 4: partial weaker-control ΓåÆ adjust step with the exact field change (2.4928ms)
Γ£ö 5: MFA step with readiness 60% ΓåÆ blocked with the unblocking numbers (1.5961ms)
Γ£ö 6: re-scan matching ΓÇö report-only, then exit criterion, then enabled (2.1663ms)
Γ£ö 7: regression after done ΓåÆ re-opened adjust with a note (1.5673ms)
Γ£ö 9: valid break-glass answers ΓåÆ no create-break-glass step; drill depends on their last sign-in (1.6172ms)
Γ£ö 10: missing required answer ΓåÆ dependent step blocked with the question named (1.6167ms)
Γ£ö 11: geo policy: allowlist style chosen by data, NoExclusions dropped, blocked until Countries (question 3) is answered (2.2231ms)
Γ£ö 12: answered Countries with no matching tenant location ΓåÆ phase-0 step creates it and gates the geo policy (3.6835ms)
Γ£ö 13: confirmed service accounts with no group ΓåÆ phase-0 step creates the group (1.43ms)
Γ£ö 8: skipping requires a reason and never "risk accepted" (1.4181ms)
Γ£ö nextMonday lands on a Monday after the given date (3.2353ms)
Γ£ö bands follow ┬ºA3: small Γëñ30, mid 31ΓÇô300, large >300 (0.1543ms)
Γ£ö 12 active users: small band, about 4 weeks, with a 2-week verification window and 7-day observation (1.487ms)
Γ£ö mid and large bands stretch the same plan to about 8 and 12 weeks (0.9971ms)
Γ£ö the band can be overridden (0.2141ms)
Γ£ö verification complete on a re-scan pulls the waves forward and shortens the end date (0.2329ms)
Γ£ö blocked steps move after their blocker, never inside a wave they cannot join (0.1728ms)
Γ£ö too many waves for the band: the plan runs over and names the steps that extend it (0.2306ms)
Γ£ö all done ΓåÆ no windows, finishes on day 0 (0.1588ms)
Γ£ö Overview counts equal Steps-tab counts for a fixture plan (1.1284ms)
Γ£ö role catalogue resolves every built-in template, unknown ids say so once (0.5119ms)
Γ£ö coversAdminSet: the full catalogue covers; one short does not (0.1881ms)
Γ£ö T1: stale Authenticator but observable in window, never challenged ΓåÆ notChallenged (1.9017ms)
Γ£ö T2: same as T1 but evidence insufficient ΓåÆ unverified with stale version + no evidence (0.191ms)
Γ£ö T3: Authenticator registered 6 days ago, no evidence ΓåÆ likelyViable via recentRegistration (0.1086ms)
Γ£ö T4: FIDO2 only, old, evidence ok but last sign-in outside window ΓåÆ unverified (0.1156ms)
Γ£ö T5: SMS only but MFA success yesterday ΓåÆ verified (evidence beats method weakness) (0.1457ms)
Γ£ö T6: SMS only, active in window, no MFA success ΓåÆ notChallenged (0.0991ms)
Γ£ö T7: SMS only, evidence disabled ΓåÆ unverified with SMS/voice only + no evidence (0.1231ms)
Γ£ö T8: no methods, not capable, usable TAP ΓåÆ none with TAP reason (0.1595ms)
Γ£ö T9: 200 days since sign-in ΓåÆ activity dormant, MFA still computed (likelyViable) (0.1644ms)
Γ£ö T10: methods unknown (inner 403), capable per registration, evidence pending ΓåÆ unverified (0.1482ms)
Γ£ö T11: Windows Hello with bound device active 3 days ago, no evidence ΓåÆ likelyViable (0.1068ms)
Γ£ö T12: single-device platform (no baseline), old registration, outside window ΓåÆ unverified (0.157ms)
Γ£ö T13: guest with current Authenticator and MFA success in window ΓåÆ verified (0.1437ms)
Γ£ö T14: admin unverified sorts first; verification phase counts active users only (0.3189ms)
Γ£ö T15: never signed in ΓåÆ activity neverSignedIn carrying account createdDateTime (0.0759ms)
Γ£ö T16: method tiers ΓÇö strongest wins, email/securityQuestion are not MFA (0.5009ms)
Γ£ö T17: strongestMethod flows into the scored row (0.1113ms)
Γ£ö date-scheme lag crosses a year boundary: 6.2512 vs 6.2602 = 2 months (0.8962ms)
Γ£ö date-scheme lag within a year: 6.2606 vs 6.2607 = 1 (0.1216ms)
Γ£ö iOS small-minor scheme uses the third segment: 6.8.22 vs 6.8.30 = 8 (0.1105ms)
Γ£ö lower major is always stale (0.083ms)
Γ£ö a minor bump on the small-minor line is stale outright (0.0859ms)
Γ£ö mixed schemes are incomparable (0.076ms)
Γ£ö platform derivation: generic deviceTag falls through to the version scheme (0.5323ms)
Γ£ö baseline requires two devices per platform (0.1506ms)
Γ£ö size bands follow A3 (0.4972ms)
Γ£ö value: catalogue value, raised by exposure, capped at 5 (0.1838ms)
Γ£ö effort: base plus prerequisites, new objects, readiness gap; capped; enforced is 1 (0.1044ms)
Γ£ö disruption: everyone affected by a block in a large tenant is 5; readiness and clean evidence pull it down; nobody affected is 1 (0.1581ms)
Γ£ö priority = value ├ù (6 ΓêÆ disruption), ties by lower effort (0.1206ms)
Γ£ö fresh visit: only Start is done (0.5105ms)
Γ£ö scan done with 0 of 9 Setup answers: Setup not started, Findings and Roadmap provisional (0.0906ms)
Γ£ö required answers missing: Setup needs attention (0.0756ms)
Γ£ö required answers complete: Setup, Findings, Roadmap done (0.1172ms)
Γ£ö scan running shows in progress (0.1051ms)
Γ£ö dark: body text on every surface is AA (0.6097ms)
Γ£ö dark: accent button ink is AA (0.0922ms)
Γ£ö dark: status colours read against surfaces at large-text/component level (0.1474ms)
Γ£ö light: body text on every surface is AA (0.0611ms)
Γ£ö light: accent button ink is AA (0.059ms)
Γ£ö light: status colours read against surfaces at large-text/component level (0.0535ms)
Γä╣ tests 142
Γä╣ suites 0
Γä╣ pass 142
Γä╣ fail 0
Γä╣ cancelled 0
Γä╣ skipped 0
Γä╣ todo 0
Γä╣ duration_ms 293.0082
