You've hit your session limit ┬╖ resets 11:40pm (America/Denver)
To https://github.com/ZephyrPretendstoKnowTech/iamai.git
   8d80281..023e7e7  HEAD -> night-run-1
branch 'night-run-1' set up to track 'origin/night-run-1'.

> iamai@0.0.1 test
> node --test src/**/*.test.ts

Γ£ö dedupes across generations and casings, preferring Updated/Policies (14.4565ms)
Γ£ö older generation only fills gaps in the newest generation (1.4699ms)
Γ£ö named placeholder tokens become tenant-specific references (0.8087ms)
Γ£ö warns about policies that target nothing (0.8111ms)
Γ£ö reports bad and irrelevant files instead of throwing (1.1438ms)
Γ£ö normalizes SDK PascalCase into Graph camelCase and prunes null noise (1.2523ms)
Γ£ö classifies references by portability (0.6423ms)
Γ£ö infers group roles from usage signatures (0.6827ms)
Γ£ö detects same-intent variants and leaves distinct policies alone (0.8108ms)
Γ£ö extracts author intent from README and matches it to a policy (1.0221ms)
Γ£ö precedence mirrors Updated + fallback (0.1243ms)
Γ£ö no date helper ever renders an ISO 8601 string (2.2186ms)
Γ£ö plan dates read relative and absolute together (0.3024ms)
Γ£ö the Setup time zone drives every rendered date (0.4968ms)
Γ£ö user-facing copy has no dashes-as-punctuation, first person, AI-isms, or raw ISO dates (32.72ms)
Γ£ö summary at 100% challenged never says "only" (1.0719ms)
Γ£ö summary at 0% challenged and 0% ready (0.2033ms)
Γ£ö summary with n=1 everywhere reads grammatically (0.2138ms)
Γ£ö summary with no active users does not divide by zero in prose (0.168ms)
Γ£ö share branches: none, one, all (0.1965ms)
Γ£ö statement shapes (0.3083ms)
Γ£ö no finding statement runs past two sentences (prompt 17 ┬º5) (1.1505ms)
Γ£ö schedule rationale branches on campaigns, observation, and Setup waits (0.2151ms)
Γ£ö roadmap overview branches (0.3339ms)
Γ£ö 1: two policies (members-minus-admins + admins) jointly enforce mfa-all-users, statement names both (6.21ms)
Γ£ö 2: admins policy report-only ΓåÆ partial with report-only users = the admins (1.5322ms)
Γ£ö 3: unmapped exclusion group of members ΓåÆ partial excluded with the ids (1.0692ms)
Γ£ö 4: exclusion group mapped as break-glass ΓåÆ enforced with expected note (0.5965ms)
Γ£ö 5: OR grant [mfa, compliantDevice] vs floor mfa ΓåÆ weaker-control (1.2145ms)
Γ£ö 6: AND grant [mfa, compliantDevice] vs floor compliantDevice ΓåÆ satisfies (0.826ms)
Γ£ö 7: baseline phishing-resistant policy raises the floor; plain-MFA tenant policy ΓåÆ weaker-control for everyone (4.0057ms)
Γ£ö 8: apps narrower (Office365 vs all) ΓåÆ partial apps-narrower (1.6437ms)
Γ£ö 9: only a disabled candidate ΓåÆ absent with disabled-candidate note (0.7729ms)
Γ£ö audit-1: an all-client-apps block (geo/device-code) does not count as the legacy-auth block (1.1055ms)
Γ£ö audit-2: an enabled strong policy with nobody in scope is in place, not missing (0.4239ms)
Γ£ö audit-3: sign-in frequency "every time" satisfies any session floor (0.547ms)
Γ£ö 10: group over the member cap ΓåÆ estimated percentages (0.4532ms)
Γ£ö 10b: unresolvable group ΓåÆ unknown (0.8003ms)
Γ£ö 11: facet off ΓåÆ not-applicable; facet on ΓåÆ evaluated (0.4951ms)
Γ£ö 12: P2 goal on a P1 tenant ΓåÆ licence-limited, excluded from score (0.362ms)
Γ£ö 13: unclassifiable baseline policy ΓåÆ ad-hoc goal created and evaluated structurally (0.9921ms)
Γ£ö 14: guests excluded from the all-users policy plus a separate guests policy ΓåÆ enforced by union (0.6704ms)
Γ£ö window cutoff: stops when a page reaches past the window start; covered = full window (2.0353ms)
Γ£ö history exhausted inside the window is ok with a retention note (0.2897ms)
Γ£ö time budget: stop is labelled and coverage decides partial (0.2976ms)
Γ£ö insufficient: budget stop with under 24 h covered (0.2522ms)
Γ£ö memory ceiling: stop is labelled; nothing overwrites a null cache save rule (0.2921ms)
Γ£ö resume newest-gap-first: stops at the cached boundary and merges (1.247ms)
Γ£ö derived: per-user aggregate keeps the latest MFA success (0.1584ms)
Γ£ö derived: per-policy applied results count classes and users (0.9484ms)
Γ£ö derived: blocked today uses only the most recent sign-in per user (0.2466ms)
Γ£ö free tenant: no matching plans, nothing enabled (1.0072ms)
Γ£ö P1-only tenant (0.2186ms)
Γ£ö P2 SKU carries both P1 and P2 plans (0.1746ms)
Γ£ö mixed tenant: fewer P2 seats than P1 seats (0.1689ms)
Γ£ö trial (capabilityStatus Warning) still counts; Suspended does not (0.1661ms)
Γ£ö disabled service plan inside an enabled SKU does not count (0.1161ms)
Γ£ö per-user capabilities from assignedPlans, Enabled only (0.1554ms)
Γ£ö service accounts: name pattern plus evidence is a candidate; a normal person is not (2.0841ms)
Γ£ö service accounts: excluded ids and guests never surface; the question hides when nothing is found (3.9036ms)
Γ£ö countries: sign-in countries first by distinct users, then usage locations; flags when no sign-in location exists (18.2017ms)
Γ£ö countries: the allowlist geo ref resolves to a matching tenant location, else is created in phase 0 (1.0377ms)
Γ£ö break-glass: a compliant account passes (2.5379ms)
Γ£ö break-glass: eligible-only Global Administrator fails with the PIM reason (0.437ms)
Γ£ö break-glass: missing exclusion from one policy names the policy (0.2729ms)
Γ£ö break-glass: exclusion via group membership counts (0.2858ms)
Γ£ö break-glass: SMS-only is a hard fail (0.2765ms)
Γ£ö break-glass: shared Authenticator displayName flags the other user (0.302ms)
Γ£ö break-glass: dynamic-group sweep is a hard fail (0.2916ms)
Γ£ö break-glass: fewer than two accounts fails (0.2799ms)
Γ£ö exclusion group: dynamic rule is a hard fail; admins among members noted (0.3222ms)
Γ£ö exclusion group: inconsistent use across policies is reported (0.2341ms)
Γ£ö trusted location: 0.0.0.0/0 and wider-than-/16 are hard fails; isTrusted required (0.2362ms)
Γ£ö strength: identical combinations pass; extra combinations fail (0.1985ms)
Γ£ö strength: baseline without combinations offers the built-in comparison (0.1075ms)
Γ£ö passkey pilot: untargeted FIDO2 and missing TAP fail; ACCE absence is a note (0.259ms)
Γ£ö 1: enforced goal ΓåÆ step created as done (8.6747ms)
Γ£ö 2: absent goal with mapped references ΓåÆ create step JSON has mapped ids, tag, report-only (2.965ms)
Γ£ö 3: unresolved reference ΓåÆ step blocked by the phase-0 prerequisite (1.8602ms)
Γ£ö 4: partial weaker-control ΓåÆ adjust step with the exact field change (2.8305ms)
Γ£ö 5: MFA step with readiness 60% ΓåÆ blocked with the unblocking numbers (1.5862ms)
Γ£ö 6: re-scan matching ΓÇö report-only, then exit criterion, then enabled (2.0864ms)
Γ£ö 7: regression after done ΓåÆ re-opened adjust with a note (1.5541ms)
Γ£ö 9: valid break-glass answers ΓåÆ no create-break-glass step; drill depends on their last sign-in (1.6282ms)
Γ£ö 10: missing required answer ΓåÆ dependent step blocked with the question named (1.6198ms)
Γ£ö 11: geo policy: allowlist style chosen by data, NoExclusions dropped, blocked until Countries (question 3) is answered (2.1908ms)
Γ£ö 12: answered Countries with no matching tenant location ΓåÆ phase-0 step creates it and gates the geo policy (4.0085ms)
Γ£ö 13: confirmed service accounts with no group ΓåÆ phase-0 step creates the group (1.2588ms)
Γ£ö 8: skipping requires a reason and never "risk accepted" (1.5487ms)
Γ£ö nextMonday lands on a Monday after the given date (1.1619ms)
Γ£ö bands follow ┬ºA3: small Γëñ30, mid 31ΓÇô300, large >300 (0.0988ms)
Γ£ö 12 active users: small band, about 4 weeks, with a 2-week verification window and 7-day observation (0.8907ms)
Γ£ö mid and large bands stretch the same plan to about 8 and 12 weeks (0.6448ms)
Γ£ö the band can be overridden (0.1503ms)
Γ£ö verification complete on a re-scan pulls the waves forward and shortens the end date (0.1573ms)
Γ£ö blocked steps move after their blocker, never inside a wave they cannot join (0.1143ms)
Γ£ö too many waves for the band: the plan runs over and names the steps that extend it (0.155ms)
Γ£ö all done ΓåÆ no windows, finishes on day 0 (0.1428ms)
Γ£ö Overview counts equal Steps-tab counts for a fixture plan (0.8092ms)
Γ£ö role catalogue resolves every built-in template, unknown ids say so once (0.896ms)
Γ£ö coversAdminSet: the full catalogue covers; one short does not (0.2868ms)
Γ£ö T1: stale Authenticator but observable in window, never challenged ΓåÆ notChallenged (2.6004ms)
Γ£ö T2: same as T1 but evidence insufficient ΓåÆ unverified with stale version + no evidence (0.1907ms)
Γ£ö T3: Authenticator registered 6 days ago, no evidence ΓåÆ likelyViable via recentRegistration (0.1085ms)
Γ£ö T4: FIDO2 only, old, evidence ok but last sign-in outside window ΓåÆ unverified (0.1202ms)
Γ£ö T5: SMS only but MFA success yesterday ΓåÆ verified (evidence beats method weakness) (0.1261ms)
Γ£ö T6: SMS only, active in window, no MFA success ΓåÆ notChallenged (0.0873ms)
Γ£ö T7: SMS only, evidence disabled ΓåÆ unverified with SMS/voice only + no evidence (0.1035ms)
Γ£ö T8: no methods, not capable, usable TAP ΓåÆ none with TAP reason (0.1183ms)
Γ£ö T9: 200 days since sign-in ΓåÆ activity dormant, MFA still computed (likelyViable) (0.1143ms)
Γ£ö T10: methods unknown (inner 403), capable per registration, evidence pending ΓåÆ unverified (0.2226ms)
Γ£ö T11: Windows Hello with bound device active 3 days ago, no evidence ΓåÆ likelyViable (0.1403ms)
Γ£ö T12: single-device platform (no baseline), old registration, outside window ΓåÆ unverified (0.1197ms)
Γ£ö T13: guest with current Authenticator and MFA success in window ΓåÆ verified (0.0931ms)
Γ£ö T14: admin unverified sorts first; verification phase counts active users only (0.2535ms)
Γ£ö T15: never signed in ΓåÆ activity neverSignedIn carrying account createdDateTime (0.0779ms)
Γ£ö T16: method tiers ΓÇö strongest wins, email/securityQuestion are not MFA (0.504ms)
Γ£ö T17: strongestMethod flows into the scored row (0.1019ms)
Γ£ö date-scheme lag crosses a year boundary: 6.2512 vs 6.2602 = 2 months (0.8778ms)
Γ£ö date-scheme lag within a year: 6.2606 vs 6.2607 = 1 (0.1111ms)
Γ£ö iOS small-minor scheme uses the third segment: 6.8.22 vs 6.8.30 = 8 (0.1046ms)
Γ£ö lower major is always stale (0.1048ms)
Γ£ö a minor bump on the small-minor line is stale outright (0.102ms)
Γ£ö mixed schemes are incomparable (0.1049ms)
Γ£ö platform derivation: generic deviceTag falls through to the version scheme (0.7209ms)
Γ£ö baseline requires two devices per platform (0.2193ms)
Γ£ö size bands follow A3 (0.5078ms)
Γ£ö value: catalogue value, raised by exposure, capped at 5 (0.1794ms)
Γ£ö effort: base plus prerequisites, new objects, readiness gap; capped; enforced is 1 (0.1074ms)
Γ£ö disruption: everyone affected by a block in a large tenant is 5; readiness and clean evidence pull it down; nobody affected is 1 (0.1501ms)
Γ£ö priority = value ├ù (6 ΓêÆ disruption), ties by lower effort (0.1142ms)
Γ£ö fresh visit: only Start is done (0.5756ms)
Γ£ö scan done with 0 of 9 Setup answers: Setup not started, Findings and Roadmap provisional (0.1169ms)
Γ£ö required answers missing: Setup needs attention (0.1162ms)
Γ£ö required answers complete: Setup, Findings, Roadmap done (0.1133ms)
Γ£ö scan running shows in progress (0.1276ms)
Γ£ö dark: body text on every surface is AA (0.5887ms)
Γ£ö dark: accent button ink is AA (0.0922ms)
Γ£ö dark: status colours read against surfaces at large-text/component level (0.1583ms)
Γ£ö light: body text on every surface is AA (0.0632ms)
Γ£ö light: accent button ink is AA (0.0882ms)
Γ£ö light: status colours read against surfaces at large-text/component level (0.0742ms)
Γä╣ tests 142
Γä╣ suites 0
Γä╣ pass 142
Γä╣ fail 0
Γä╣ cancelled 0
Γä╣ skipped 0
Γä╣ todo 0
Γä╣ duration_ms 289.7493
